// Vitest Snapshot v1, https://vitest.dev/guide/snapshot.html

exports[`Application > mounts correctly 1`] = `
<div>
  <canvas />
</div>
`;
