// Jest Snapshot v1, https://goo.gl/fbAQLP

exports[`render call injectDevtools 1`] = `
Array [
  Array [
    Object {
      "bundleType": 1,
      "findHostInstanceByFiber": [Function],
      "rendererPackageName": "@inlet/react-pixi",
      "version": "16.13.1",
    },
  ],
]
`;
