// Jest Snapshot v1, https://goo.gl/fbAQLP

exports[`stage call PixiFiber.injectIntoDevtools on componentDidMount 1`] = `
Array [
  Array [
    Object {
      "bundleType": 1,
      "findHostInstanceByFiber": [MockFunction],
      "rendererPackageName": "@inlet/react-pixi",
      "version": "16.13.1",
    },
  ],
]
`;

exports[`stage prop types 1`] = `
Object {
  "children": [Function],
  "height": [Function],
  "onMount": [Function],
  "onUnmount": [Function],
  "options": [Function],
  "raf": [Function],
  "renderOnComponentChange": [Function],
  "width": [Function],
}
`;

exports[`stage prop types 2`] = `
Object {
  "height": 600,
  "onMount": [Function],
  "onUnmount": [Function],
  "raf": true,
  "renderOnComponentChange": true,
  "width": 800,
}
`;

exports[`stage renders a canvas element 1`] = `<canvas />`;
